nrot_yrs | ncycles |   yr  | #events |  yr_total  |   yrly_ave   |  Low_90.00% | High_90.00% |
       2 |       1 |     1 |    4.00 |    4.47138 | 
       2 |       1 |     2 |    7.00 |   12.69828 | 
       2 |       2 |     3 |    0.00 |    0.00000 | 
       2 |       2 |     4 |   10.00 |   12.60878 | 
       2 |       3 |     5 |    5.00 |    9.88086 | 
       2 |       3 |     6 |    1.00 |    1.08416 | 
       2 |       4 |     7 |    0.00 |    0.00000 | 
       2 |       4 |     8 |    1.00 |    1.37047 |      5.26423 |      2.64936 |       707.00     | 
       2 |       5 |     9 |    0.00 |    0.00000 | 
       2 |       5 |    10 |    5.00 |    3.53072 |      4.56445 |      2.48111 |       72.943     | 
       2 |       6 |    11 |    5.00 |    7.29870 | 
       2 |       6 |    12 |    3.00 |    1.37528 |      4.52654 |      2.73359 |       27.218     | 
       2 |       7 |    13 |    0.00 |    0.00000 | 
       2 |       7 |    14 |    1.00 |    0.40994 |      3.90917 |      2.25758 |       79.425     | 
       2 |       8 |    15 |    1.00 |    0.10305 | 
       2 |       8 |    16 |   16.00 |   19.37168 |      4.63770 |      2.85947 |       64.632     | 
       2 |       9 |    17 |   21.00 |   25.74664 | 
       2 |       9 |    18 |    3.00 |    1.29681 |      5.62481 |      3.61494 |       63.579     | 
       2 |      10 |    19 |    4.00 |    5.24701 | 
       2 |      10 |    20 |    6.00 |    5.49929 |      5.59964 |      3.78885 |       42.331     | 
       2 |      11 |    21 |   13.00 |   12.13667 | 
       2 |      11 |    22 |    7.00 |   11.23889 |      6.15310 |      4.33706 |       39.178     | 
       2 |      12 |    23 |    8.00 |    8.71425 | 
       2 |      12 |    24 |    9.00 |   10.02923 |      6.42133 |      4.70487 |       33.977     | 
       2 |      13 |    25 |    0.00 |    0.00000 | 
       2 |      13 |    26 |    2.00 |    0.88705 |      5.96149 |      4.31683 |       34.883     | 
       2 |      14 |    27 |    3.00 |    4.72903 | 
       2 |      14 |    28 |    2.00 |    0.94147 |      5.73819 |      4.20018 |       27.090     | 
       2 |      15 |    29 |    0.00 |    0.00000 | 
       2 |      15 |    30 |    5.00 |    4.92525 |      5.51982 |      4.06747 |       21.924     | 
       2 |      16 |    31 |    2.00 |    1.51415 | 
       2 |      16 |    32 |    0.00 |    0.00000 |      5.22215 |      3.80280 |       19.561     | 
       2 |      17 |    33 |    6.00 |    4.15576 | 
       2 |      17 |    34 |    7.00 |   10.16176 |      5.33607 |      3.99804 |       18.461     | 
       2 |      18 |    35 |    7.00 |   10.51939 | 
       2 |      18 |    36 |    0.00 |    0.00000 |      5.33183 |      4.07967 |       16.848     | 
       2 |      19 |    37 |    5.00 |    2.68734 | 
       2 |      19 |    38 |    5.00 |    6.32891 |      5.28847 |      4.11172 |       15.342     | 
       2 |      20 |    39 |    6.00 |    8.39097 | 
       2 |      20 |    40 |    3.00 |    3.24078 |      5.31484 |      4.20553 |       14.469     | 
       2 |      21 |    41 |    5.00 |    3.68708 | 
       2 |      21 |    42 |    7.00 |   12.14035 |      5.43860 |      4.37815 |       14.196     | 
       2 |      22 |    43 |   16.00 |   30.04122 | 
       2 |      22 |    44 |   20.00 |   23.08400 |      6.39879 |      5.00975 |       16.942     | 
       2 |      23 |    45 |   22.00 |   20.97471 | 
       2 |      23 |    46 |    3.00 |    3.02730 |      6.64237 |      5.29159 |       17.207     | 
       2 |      24 |    47 |    1.00 |    1.36137 | 
       2 |      24 |    48 |    9.00 |    9.40799 |      6.58996 |      5.30522 |       16.169     | 
       2 |      25 |    49 |    3.00 |    3.09763 | 
       2 |      25 |    50 |    3.00 |    1.64574 |      6.42123 |      5.16109 |       14.927     | 
       2 |      26 |    51 |    2.00 |    1.75120 | 
       2 |      26 |    52 |    0.00 |    0.00000 |      6.20794 |      4.95758 |       14.300     | 
       2 |      27 |    53 |    2.00 |    2.69908 | 
       2 |      27 |    54 |    1.00 |    0.17011 |      6.03115 |      4.79083 |       13.380     | 
       2 |      28 |    55 |    2.00 |    0.71983 | 
       2 |      28 |    56 |    8.00 |    9.93103 |      6.00594 |      4.81973 |       12.856     | 
       2 |      29 |    57 |    7.00 |   17.29822 | 
       2 |      29 |    58 |    2.00 |    1.53346 |      6.12353 |      4.98018 |       12.906     | 
       2 |      30 |    59 |    3.00 |    2.54872 | 
       2 |      30 |    60 |   13.00 |   20.28864 |      6.30003 |      5.18533 |       13.156     | 
       2 |      31 |    61 |   12.00 |   27.16461 | 
       2 |      31 |    62 |    0.00 |    0.00000 |      6.53495 |      5.43284 |       13.584     | 
       2 |      32 |    63 |    2.00 |    1.46020 | 
       2 |      32 |    64 |   11.00 |   10.31973 |      6.51479 |      5.45657 |       13.169     | 
       2 |      33 |    65 |    0.00 |    0.00000 | 
       2 |      33 |    66 |    3.00 |    2.90766 |      6.36143 |      5.30277 |       12.577     | 
       2 |      34 |    67 |    7.00 |    6.68066 | 
       2 |      34 |    68 |    0.00 |    0.00000 |      6.27257 |      5.23642 |       12.027     | 
       2 |      35 |    69 |    2.00 |    0.90212 | 
       2 |      35 |    70 |    5.00 |    5.88858 |      6.19036 |      5.17651 |       11.538     | 
       2 |      36 |    71 |   10.00 |   15.36403 | 
       2 |      36 |    72 |    5.00 |    4.46903 |      6.29387 |      5.31137 |       11.630     | 
       2 |      37 |    73 |    8.00 |    8.76034 | 
       2 |      37 |    74 |   13.00 |   36.95262 |      6.74151 |      5.66970 |       12.537     | 
       2 |      38 |    75 |    9.00 |   72.14198 | 
       2 |      38 |    76 |    8.00 |    2.86460 |      7.55101 |      6.20417 |       14.124     | 
       2 |      39 |    77 |    4.00 |    2.81097 | 
       2 |      39 |    78 |    5.00 |    3.08306 |      7.43296 |      6.10066 |       13.549     | 
       2 |      40 |    79 |    6.00 |    4.20911 | 
       2 |      40 |    80 |    3.00 |    2.76767 |      7.33434 |      6.02288 |       13.050     | 
       2 |      41 |    81 |    2.00 |    1.15612 | 
       2 |      41 |    82 |    6.00 |   10.22595 |      7.29426 |      6.02037 |       12.743     | 
       2 |      42 |    83 |    8.00 |    9.04526 | 
       2 |      42 |    84 |    1.00 |    1.47052 |      7.24578 |      6.00502 |       12.430     | 
       2 |      43 |    85 |    0.00 |    0.00000 | 
       2 |      43 |    86 |    8.00 |    5.18599 |      7.13757 |      5.90615 |       12.005     | 
       2 |      44 |    87 |    6.00 |    5.42537 | 
       2 |      44 |    88 |    0.00 |    0.00000 |      7.03701 |      5.81648 |       11.615     | 
       2 |      45 |    89 |    7.00 |    7.60453 | 
       2 |      45 |    90 |    1.00 |    0.18430 |      6.96717 |      5.76808 |       11.301     | 
       2 |      46 |    91 |    3.00 |    3.33274 | 
       2 |      46 |    92 |    6.00 |    7.41717 |      6.93256 |      5.76313 |       11.091     | 
       2 |      47 |    93 |    2.00 |    1.59819 | 
       2 |      47 |    94 |    5.00 |    3.02290 |      6.83422 |      5.67171 |       10.768     | 
       2 |      48 |    95 |    9.00 |    7.00196 | 
       2 |      48 |    96 |    7.00 |    4.69575 |      6.81369 |      5.68072 |       10.616     | 
       2 |      49 |    97 |   10.00 |   10.72587 | 
       2 |      49 |    98 |   13.00 |   11.00642 |      6.89640 |      5.79072 |       10.724     | 
       2 |      50 |    99 |   14.00 |   20.29626 | 
       2 |      50 |   100 |    6.00 |    8.43628 |      7.04580 |      5.95317 |       10.976     | 
